type: float
-916.058716
-115.975883
563.479004
1249.106445
