type: double
-363.570686
-48.281824
217.028268
468.719398
