type: float
-64.691277
-97.906212
-42.168385
0.000000
-42.543922
-13.527149
30.427107
0.000000
-39.346230
50.489548
94.969574
0.000000
-35.625210
117.392693
161.666702
0.000000
